current directory: /home/masterlxz/Documents/workspace/ai_summary_api/vendor/bundle/ruby/3.4.0/gems/psych-5.3.1/ext/psych
/usr/bin/ruby extconf.rb
checking for pkg-config for yaml-0.1... [" ", "", "-lyaml"]
creating Makefile

current directory: /home/masterlxz/Documents/workspace/ai_summary_api/vendor/bundle/ruby/3.4.0/gems/psych-5.3.1/ext/psych
make DESTDIR\= sitearchdir\=./.gem.20260502-8222-xhdc6h sitelibdir\=./.gem.20260502-8222-xhdc6h clean
cd libyaml && make clean
/bin/sh: line 1: cd: libyaml: No such file or directory
make: [Makefile:287: clean-so] Error 1 (ignored)

current directory: /home/masterlxz/Documents/workspace/ai_summary_api/vendor/bundle/ruby/3.4.0/gems/psych-5.3.1/ext/psych
make DESTDIR\= sitearchdir\=./.gem.20260502-8222-xhdc6h sitelibdir\=./.gem.20260502-8222-xhdc6h
compiling psych.c
compiling psych_emitter.c
compiling psych_parser.c
compiling psych_to_ruby.c
compiling psych_yaml_tree.c
linking shared-object psych.so

current directory: /home/masterlxz/Documents/workspace/ai_summary_api/vendor/bundle/ruby/3.4.0/gems/psych-5.3.1/ext/psych
make DESTDIR\= sitearchdir\=./.gem.20260502-8222-xhdc6h sitelibdir\=./.gem.20260502-8222-xhdc6h install
/usr/bin/install -c -m 0755 psych.so ./.gem.20260502-8222-xhdc6h

current directory: /home/masterlxz/Documents/workspace/ai_summary_api/vendor/bundle/ruby/3.4.0/gems/psych-5.3.1/ext/psych
make DESTDIR\= sitearchdir\=./.gem.20260502-8222-xhdc6h sitelibdir\=./.gem.20260502-8222-xhdc6h clean
cd libyaml && make clean
/bin/sh: line 1: cd: libyaml: No such file or directory
make: [Makefile:287: clean-so] Error 1 (ignored)
